Spreadsheet runtime warmup failed during python startup
Traceback (most recent call last):
  File "/tmp/tmp.L2TH2Y5coc/artifact_tool_v2-2.8.22/artifact_tool/patches/warm_spreadsheet_runtime_on_startup.py", line 26, in warm_spreadsheet_runtime_on_startup
  File "/tmp/tmp.L2TH2Y5coc/artifact_tool_v2-2.8.22/artifact_tool/spreadsheet_warmup.py", line 785, in warm_spreadsheet_runtime
  File "/tmp/tmp.L2TH2Y5coc/artifact_tool_v2-2.8.22/artifact_tool/spreadsheet_warmup.py", line 720, in _warm_feature_flows
  File "/tmp/tmp.L2TH2Y5coc/artifact_tool_v2-2.8.22/artifact_tool/spreadsheet_warmup.py", line 704, in _warm_collaboration_flows
  File "/tmp/tmp.L2TH2Y5coc/artifact_tool_v2-2.8.22/artifact_tool/generated/interface/models.py", line 32317, in hydrate_crdt_from_proto
  File "/tmp/tmp.L2TH2Y5coc/artifact_tool_v2-2.8.22/artifact_tool/rpc/remote.py", line 749, in __call__
  File "/tmp/tmp.L2TH2Y5coc/artifact_tool_v2-2.8.22/artifact_tool/rpc/client.py", line 150, in call
artifact_tool.rpc.client.RemoteError: hydrateCrdtFromProto requires an empty collaborative document.
...............................................................................................................................................................................................................F
======================================================================
FAIL: test_wordpress_inbox_and_operator_reply_exist (test_live_support_4103.LiveSupport4103.test_wordpress_inbox_and_operator_reply_exist)
----------------------------------------------------------------------
Traceback (most recent call last):
  File "/mnt/data/bluevpn4107/bluevpn476/tests/test_live_support_4103.py", line 50, in test_wordpress_inbox_and_operator_reply_exist
    self.assertIn("پشتیبانی آنلاین BlueVPN",s)
    ~~~~~~~~~~~~~^^^^^^^^^^^^^^^^^^^^^^^^^^^^^
AssertionError: 'پشتیبانی آنلاین BlueVPN' not found in '<?php\nif (!defined(\'ABSPATH\')) exit;\n\nfinal class BlueVPN_Support {\n    private const SCHEMA = \'1.1.0\';\n\n    public static function init(): void {\n        self::maybe_upgrade();\n        add_action(\'admin_menu\', [self::class, \'admin_menu\'], 40);\n        add_action(\'admin_post_bluevpn_support_reply\', [self::class, \'admin_reply\']);\n        add_action(\'admin_post_bluevpn_support_assign\', [self::class, \'admin_assign\']);\n        add_action(\'admin_post_bluevpn_support_status\', [self::class, \'admin_status\']);\n        add_action(\'admin_post_bluevpn_support_department_save\', [self::class, \'admin_department_save\']);\n        add_action(\'admin_post_bluevpn_support_operator_save\', [self::class, \'admin_operator_save\']);\n        add_action(\'admin_post_bluevpn_support_note\', [self::class, \'admin_note\']);\n        add_action(\'admin_post_bluevpn_support_canned_save\', [self::class, \'admin_canned_save\']);\n        add_action(\'admin_post_bluevpn_support_operator_presence\', [self::class, \'admin_operator_presence\']);\n        add_action(\'admin_post_bluevpn_support_attachment\', [self::class, \'admin_attachment\']);\n    }\n\n    public static function activate(): void {\n        self::install_schema();\n        self::seed_defaults();\n    }\n\n    private static function table(string $name): string {\n        return BlueVPN_DB::table(\'support_\' . $name);\n    }\n\n    private static function install_schema(): void {\n        global $wpdb;\n        require_once ABSPATH . \'wp-admin/includes/upgrade.php\';\n        $cc = $wpdb->get_charset_collate();\n\n        dbDelta("CREATE TABLE " . self::table(\'departments\') . " (\n            id bigint unsigned NOT NULL AUTO_INCREMENT,\n            name varchar(120) NOT NULL,\n            slug varchar(80) NOT NULL,\n            description varchar(255) NOT NULL DEFAULT \'\',\n            active tinyint(1) NOT NULL DEFAULT 1,\n            sort_order int NOT NULL DEFAULT 0,\n            first_response_minutes int NOT NULL DEFAULT 30,\n            resolution_minutes int NOT NULL DEFAULT 1440,\n            created_at datetime NOT NULL,\n            updated_at datetime NOT NULL,\n            PRIMARY KEY (id),\n            UNIQUE KEY uq_support_department_slug (slug),\n            KEY ix_support_department_active (active,sort_order)\n        ) $cc;");\n\n        dbDelta("CREATE TABLE " . self::table(\'operators\') . " (\n            id bigint unsigned NOT NULL AUTO_INCREMENT,\n            wp_user_id bigint unsigned NOT NULL DEFAULT 0,\n            display_name varchar(120) NOT NULL,\n            department_ids varchar(255) NOT NULL DEFAULT \'\',\n            online tinyint(1) NOT NULL DEFAULT 1,\n            max_active int NOT NULL DEFAULT 20,\n            last_seen_at datetime NULL,\n            created_at datetime NOT NULL,\n            updated_at datetime NOT NULL,\n            PRIMARY KEY (id),\n            KEY ix_support_operator_wp (wp_user_id),\n            KEY ix_support_operator_online (online)\n        ) $cc;");\n\n        dbDelta("CREATE TABLE " . self::table(\'conversations\') . " (\n            id bigint unsigned NOT NULL AUTO_INCREMENT,\n            public_id varchar(40) NOT NULL,\n            customer_id bigint unsigned NOT NULL,\n            department_id bigint unsigned NOT NULL,\n            operator_id bigint unsigned NOT NULL DEFAULT 0,\n            subject varchar(180) NOT NULL DEFAULT \'\',\n            status varchar(24) NOT NULL DEFAULT \'waiting\',\n            priority varchar(16) NOT NULL DEFAULT \'normal\',\n            source varchar(16) NOT NULL DEFAULT \'android\',\n            unread_customer int NOT NULL DEFAULT 0,\n            unread_operator int NOT NULL DEFAULT 0,\n            last_message_at datetime NOT NULL,\n            first_response_due_at datetime NULL,\n            resolution_due_at datetime NULL,\n            first_response_at datetime NULL,\n            resolved_at datetime NULL,\n            created_at datetime NOT NULL,\n            updated_at datetime NOT NULL,\n            closed_at datetime NULL,\n            PRIMARY KEY (id),\n            UNIQUE KEY uq_support_public_id (public_id),\n            KEY ix_support_customer (customer_id,status,last_message_at),\n            KEY ix_support_queue (department_id,status,priority,last_message_at),\n            KEY ix_support_operator (operator_id,status,last_message_at),\n            KEY ix_support_sla (status,first_response_due_at,resolution_due_at)\n        ) $cc;");\n\n        dbDelta("CREATE TABLE " . self::table(\'messages\') . " (\n            id bigint unsigned NOT NULL AUTO_INCREMENT,\n            conversation_id bigint unsigned NOT NULL,\n            sender_type varchar(16) NOT NULL,\n            sender_id bigint unsigned NOT NULL DEFAULT 0,\n            body text NOT NULL,\n            message_type varchar(16) NOT NULL DEFAULT \'text\',\n            telegram_chat_id varchar(40) NOT NULL DEFAULT \'\',\n            telegram_message_id varchar(40) NOT NULL DEFAULT \'\',\n            created_at datetime NOT NULL,\n            seen_at datetime NULL,\n            PRIMARY KEY (id),\n            KEY ix_support_messages (conversation_id,id),\n            KEY ix_support_unseen (conversation_id,sender_type,seen_at)\n        ) $cc;");\n\n        dbDelta("CREATE TABLE " . self::table(\'events\') . " (\n            id bigint unsigned NOT NULL AUTO_INCREMENT,\n            conversation_id bigint unsigned NOT NULL,\n            actor_type varchar(16) NOT NULL,\n            actor_id bigint unsigned NOT NULL DEFAULT 0,\n            event_type varchar(40) NOT NULL,\n            payload_json longtext NULL,\n            created_at datetime NOT NULL,\n            PRIMARY KEY (id),\n            KEY ix_support_events (conversation_id,id)\n        ) $cc;");\n\n        dbDelta("CREATE TABLE " . self::table(\'attachments\') . " (\n            id bigint unsigned NOT NULL AUTO_INCREMENT,\n            conversation_id bigint unsigned NOT NULL,\n            message_id bigint unsigned NOT NULL DEFAULT 0,\n            uploader_type varchar(16) NOT NULL,\n            uploader_id bigint unsigned NOT NULL DEFAULT 0,\n            original_name varchar(190) NOT NULL,\n            mime_type varchar(100) NOT NULL,\n            file_size bigint unsigned NOT NULL DEFAULT 0,\n            storage_path varchar(255) NOT NULL,\n            created_at datetime NOT NULL,\n            PRIMARY KEY (id),\n            KEY ix_support_attachment_conversation (conversation_id,id),\n            KEY ix_support_attachment_message (message_id)\n        ) $cc;");\n\n        dbDelta("CREATE TABLE " . self::table(\'notes\') . " (\n            id bigint unsigned NOT NULL AUTO_INCREMENT,\n            conversation_id bigint unsigned NOT NULL,\n            operator_id bigint unsigned NOT NULL DEFAULT 0,\n            body text NOT NULL,\n            created_at datetime NOT NULL,\n            PRIMARY KEY (id),\n            KEY ix_support_notes (conversation_id,id)\n        ) $cc;");\n\n        dbDelta("CREATE TABLE " . self::table(\'canned_replies\') . " (\n            id bigint unsigned NOT NULL AUTO_INCREMENT,\n            department_id bigint unsigned NOT NULL DEFAULT 0,\n            title varchar(120) NOT NULL,\n            body text NOT NULL,\n            active tinyint(1) NOT NULL DEFAULT 1,\n            created_at datetime NOT NULL,\n            updated_at datetime NOT NULL,\n            PRIMARY KEY (id),\n            KEY ix_support_canned (department_id,active,title)\n        ) $cc;");\n\n        update_option(\'bluevpn_support_schema\', self::SCHEMA, false);\n    }\n\n    private static function maybe_upgrade(): void {\n        if ((string)get_option(\'bluevpn_support_schema\', \'\') !== self::SCHEMA) {\n            self::install_schema();\n            self::seed_defaults();\n        }\n    }\n\n    private static function seed_defaults(): void {\n        global $wpdb;\n        $t = self::table(\'departments\');\n        $count = (int)$wpdb->get_var("SELECT COUNT(*) FROM {$t}");\n        $now = BlueVPN_Utils::now_mysql();\n        $rows = [\n            [\'فنی\',\'technical\',\'اتصال، سرورها، سرعت و خطاهای VPN\',10,20,240],\n            [\'اشتراک و حساب\',\'account\',\'اشتراک، حجم، زمان و حساب کاربری\',20,20,360],\n            [\'مالی و پرداخت\',\'billing\',\'پرداخت، فاکتور و BluePay\',30,10,180],\n            [\'فروش\',\'sales\',\'خرید، تمدید و ارتقای سرویس\',40,10,180],\n            [\'نمایندگان\',\'resellers\',\'همکاری و امور نمایندگی\',50,30,720],\n        ];\n        if ($count === 0) {\n            foreach ($rows as $r) {\n                $wpdb->insert($t, [\n                    \'name\'=>$r[0], \'slug\'=>$r[1], \'description\'=>$r[2],\n                    \'active\'=>1, \'sort_order\'=>$r[3],\n                    \'first_response_minutes\'=>$r[4], \'resolution_minutes\'=>$r[5],\n                    \'created_at\'=>$now, \'updated_at\'=>$now,\n                ]);\n            }\n        }\n        $canned=self::table(\'canned_replies\');\n        if ((int)$wpdb->get_var("SELECT COUNT(*) FROM {$canned}")===0) {\n            foreach ([\n                [\'بررسی اتصال\',\'پیام شما دریافت شد. لطفاً چند لحظه فرصت بدهید تا وضعیت اتصال و سرور بررسی شود.\'],\n                [\'بررسی پرداخت\',\'پرداخت شما در حال بررسی است. لطفاً تا اعلام نتیجه از پرداخت مجدد خودداری کنید.\'],\n                [\'بررسی اشتراک\',\'وضعیت اشتراک شما در حال همگام\u200cسازی است و نتیجه در همین گفتگو اعلام می\u200cشود.\'],\n            ] as $row) {\n                $wpdb->insert($canned,[\n                    \'department_id\'=>0,\'title\'=>$row[0],\'body\'=>$row[1],\n                    \'active\'=>1,\'created_at\'=>$now,\'updated_at\'=>$now,\n                ]);\n            }\n        }\n    }\n\n    private static function auth_customer(WP_REST_Request $r): array {\n        return BlueVPN_Auth::current_customer($r);\n    }\n\n    private static function rate_limit(int $customerId, string $action, int $limit=8, int $window=60): void {\n        $ip = sanitize_text_field((string)($_SERVER[\'REMOTE_ADDR\'] ?? \'\'));\n        $key = \'bluevpn_support_rl_\' . hash(\'sha256\', $customerId.\'|\'.$action.\'|\'.$ip);\n        $state = get_transient($key);\n        $count = is_array($state) ? (int)($state[\'count\'] ?? 0) : 0;\n        if ($count >= $limit) {\n            throw new BlueVPN_Auth_Exception(429, \'SUPPORT_RATE_LIMIT\', \'لطفاً کمی بعد دوباره تلاش کنید\');\n        }\n        set_transient($key, [\'count\'=>$count+1], $window);\n    }\n\n    private static function clean_message($raw): string {\n        $text = trim(wp_strip_all_tags((string)$raw));\n        $text = preg_replace(\'/\\s{4,}/u\', \'   \', $text);\n        if ($text === \'\') throw new BlueVPN_Auth_Exception(422,\'SUPPORT_EMPTY_MESSAGE\',\'پیام خالی است\');\n        if (mb_strlen($text) > 4000) throw new BlueVPN_Auth_Exception(422,\'SUPPORT_MESSAGE_TOO_LONG\',\'پیام بیش از حد طولانی است\');\n        return $text;\n    }\n\n    private static function conversation_for_customer(int $id, int $customerId): ?array {\n        global $wpdb;\n        $t=self::table(\'conversations\');\n        $row=$wpdb->get_row($wpdb->prepare("SELECT * FROM {$t} WHERE id=%d AND customer_id=%d LIMIT 1",$id,$customerId),ARRAY_A);\n        return is_array($row)?$row:null;\n    }\n\n    private static function sla_state(array $c): array {\n        $now=time();\n        $firstDue=!empty($c[\'first_response_due_at\'])?strtotime((string)$c[\'first_response_due_at\'].\' UTC\'):0;\n        $resolutionDue=!empty($c[\'resolution_due_at\'])?strtotime((string)$c[\'resolution_due_at\'].\' UTC\'):0;\n        $firstDone=!empty($c[\'first_response_at\']);\n        $resolved=in_array((string)($c[\'status\']??\'\'),[\'resolved\',\'closed\'],true);\n        $firstOverdue=!$firstDone && $firstDue>0 && $firstDue<$now;\n        $resolutionOverdue=!$resolved && $resolutionDue>0 && $resolutionDue<$now;\n        return [\n            \'first_response_due_at\'=>(string)($c[\'first_response_due_at\']??\'\'),\n            \'resolution_due_at\'=>(string)($c[\'resolution_due_at\']??\'\'),\n            \'first_response_overdue\'=>$firstOverdue,\n            \'resolution_overdue\'=>$resolutionOverdue,\n            \'state\'=>$resolutionOverdue?\'overdue\':($firstOverdue?\'response_overdue\':\'on_time\'),\n        ];\n    }\n\n    private static function attachment_rows_for_messages(array $messageIds): array {\n        global $wpdb;\n        $ids=array_values(array_filter(array_map(\'intval\',$messageIds)));\n        if(!$ids)return [];\n        $placeholders=implode(\',\',array_fill(0,count($ids),\'%d\'));\n        $query=$wpdb->prepare(\n            "SELECT id,message_id,original_name,mime_type,file_size FROM ".self::table(\'attachments\')." WHERE message_id IN ({$placeholders}) ORDER BY id ASC",\n            ...$ids\n        );\n        $rows=$wpdb->get_results($query,ARRAY_A);\n        $out=[];\n        foreach((array)$rows as $r){\n            $out[(int)$r[\'message_id\']][]=[\n                \'id\'=>(int)$r[\'id\'],\n                \'name\'=>(string)$r[\'original_name\'],\n                \'mime\'=>(string)$r[\'mime_type\'],\n                \'size\'=>(int)$r[\'file_size\'],\n            ];\n        }\n        return $out;\n    }\n\n    private static function safe_attachment_name(string $name): string {\n        $name=sanitize_file_name($name);\n        return $name!==\'\'?$name:\'attachment.bin\';\n    }\n\n    private static function save_base64_attachment(\n        int $cid,\n        int $messageId,\n        string $uploaderType,\n        int $uploaderId,\n        string $name,\n        string $mime,\n        string $encoded\n    ): int {\n        global $wpdb;\n        $allowed=[\n            \'image/jpeg\'=>\'jpg\',\'image/png\'=>\'png\',\'image/webp\'=>\'webp\',\n            \'application/pdf\'=>\'pdf\',\'text/plain\'=>\'txt\',\n            \'application/zip\'=>\'zip\',\n        ];\n        $mime=strtolower(trim($mime));\n        if(strlen($encoded)>5_600_000)throw new BlueVPN_Auth_Exception(413,\'SUPPORT_ATTACHMENT_TOO_LARGE\',\'حجم فایل زیاد است\');\n        $raw=base64_decode($encoded,true);\n        if($raw===false || strlen($raw)===0)throw new BlueVPN_Auth_Exception(422,\'SUPPORT_ATTACHMENT_INVALID\',\'فایل معتبر نیست\');\n        if(strlen($raw)>4*1024*1024)throw new BlueVPN_Auth_Exception(413,\'SUPPORT_ATTACHMENT_TOO_LARGE\',\'حداکثر حجم فایل ۴ مگابایت است\');\n        if(class_exists(\'finfo\')){\n            $finfo=new finfo(FILEINFO_MIME_TYPE);\n            $detected=strtolower((string)$finfo->buffer($raw));\n            if($detected!==\'\')$mime=$detected;\n        }\n        if(!isset($allowed[$mime]))throw new BlueVPN_Auth_Exception(422,\'SUPPORT_ATTACHMENT_TYPE\',\'نوع فایل مجاز نیست\');\n\n        $uploads=wp_upload_dir();\n        if(!empty($uploads[\'error\']))throw new RuntimeException(\'upload_dir unavailable\');\n        $dir=trailingslashit((string)$uploads[\'basedir\']).\'bluevpn-support/\'.substr(hash(\'sha256\',(string)$cid),0,12);\n        if(!wp_mkdir_p($dir))throw new RuntimeException(\'support upload directory unavailable\');\n        $original=self::safe_attachment_name($name);\n        $file=wp_unique_filename($dir,pathinfo($original,PATHINFO_FILENAME).\'.\'.$allowed[$mime]);\n        $path=trailingslashit($dir).$file;\n        if(file_put_contents($path,$raw,LOCK_EX)===false)throw new RuntimeException(\'support attachment write failed\');\n        @chmod($path,0640);\n        $wpdb->insert(self::table(\'attachments\'),[\n            \'conversation_id\'=>$cid,\'message_id\'=>$messageId,\'uploader_type\'=>$uploaderType,\'uploader_id\'=>$uploaderId,\n            \'original_name\'=>$original,\'mime_type\'=>$mime,\'file_size\'=>strlen($raw),\n            \'storage_path\'=>$path,\'created_at\'=>BlueVPN_Utils::now_mysql(),\n        ]);\n        return (int)$wpdb->insert_id;\n    }\n\n    private static function blueai_suggestion(int $cid): string {\n        global $wpdb;\n        $last=(string)$wpdb->get_var($wpdb->prepare(\n            "SELECT body FROM ".self::table(\'messages\')." WHERE conversation_id=%d AND sender_type=\'customer\' ORDER BY id DESC LIMIT 1",\n            $cid\n        ));\n        $x=mb_strtolower($last);\n        if(str_contains($x,\'پرداخت\')||str_contains($x,\'پول\')||str_contains($x,\'فاکتور\')){\n            return \'پرداخت شما دریافت شد و در حال بررسی تطبیق تراکنش با سفارش است. لطفاً تا اعلام نتیجه پرداخت مجدد انجام ندهید.\';\n        }\n        if(str_contains($x,\'وصل\')||str_contains($x,\'اتصال\')||str_contains($x,\'سرور\')){\n            return \'پیام شما دریافت شد. وضعیت اتصال، سرور و آخرین خطای فنی بررسی می\u200cشود و نتیجه در همین گفتگو اعلام خواهد شد.\';\n        }\n        if(str_contains($x,\'اشتراک\')||str_contains($x,\'حجم\')||str_contains($x,\'تمدید\')){\n            return \'وضعیت اشتراک و همگام\u200cسازی سرویس شما بررسی می\u200cشود. اگر تغییری لازم باشد از همین بخش اعمال خواهد شد.\';\n        }\n        return \'پیام شما دریافت شد و به بخش مربوطه ارجاع داده شده است. نتیجه بررسی در همین گفتگو اعلام می\u200cشود.\';\n    }\n\n    private static function serialize_conversation(array $c): array {\n        global $wpdb;\n        $dept=$wpdb->get_row($wpdb->prepare("SELECT id,name,slug FROM ".self::table(\'departments\')." WHERE id=%d",(int)$c[\'department_id\']),ARRAY_A);\n        $op=null;\n        if ((int)$c[\'operator_id\']>0) $op=$wpdb->get_row($wpdb->prepare("SELECT id,display_name,online FROM ".self::table(\'operators\')." WHERE id=%d",(int)$c[\'operator_id\']),ARRAY_A);\n        return [\n            \'id\'=>(int)$c[\'id\'],\n            \'public_id\'=>(string)$c[\'public_id\'],\n            \'subject\'=>(string)$c[\'subject\'],\n            \'status\'=>(string)$c[\'status\'],\n            \'priority\'=>(string)$c[\'priority\'],\n            \'department\'=>$dept?:null,\n            \'operator\'=>$op?:null,\n            \'unread\'=>(int)$c[\'unread_customer\'],\n            \'last_message_at\'=>(string)$c[\'last_message_at\'],\n            \'created_at\'=>(string)$c[\'created_at\'],\n            \'sla\'=>self::sla_state($c),\n        ];\n    }\n\n    public static function api_departments(WP_REST_Request $r): WP_REST_Response {\n        try {\n            self::auth_customer($r);\n            global $wpdb;\n            $rows=$wpdb->get_results("SELECT id,name,slug,description FROM ".self::table(\'departments\')." WHERE active=1 ORDER BY sort_order ASC,id ASC",ARRAY_A);\n            return new WP_REST_Response([\'departments\'=>array_map(static function($x){\n                return [\'id\'=>(int)$x[\'id\'],\'name\'=>(string)$x[\'name\'],\'slug\'=>(string)$x[\'slug\'],\'description\'=>(string)$x[\'description\']];\n            },(array)$rows)]);\n        } catch (BlueVPN_Auth_Exception $e) { return self::auth_fail($e); }\n    }\n\n    public static function api_conversations(WP_REST_Request $r): WP_REST_Response {\n        try {\n            $customer=self::auth_customer($r);\n            global $wpdb;\n            $rows=$wpdb->get_results($wpdb->prepare(\n                "SELECT * FROM ".self::table(\'conversations\')." WHERE customer_id=%d ORDER BY last_message_at DESC LIMIT 30",\n                (int)$customer[\'id\']\n            ),ARRAY_A);\n            return new WP_REST_Response([\'conversations\'=>array_map([self::class,\'serialize_conversation\'],(array)$rows)]);\n        } catch (BlueVPN_Auth_Exception $e) { return self::auth_fail($e); }\n    }\n\n    private static function auto_assign_operator(int $departmentId): int {\n        global $wpdb;\n        $operators=self::table(\'operators\');\n        $conversations=self::table(\'conversations\');\n        $rows=$wpdb->get_results(\n            "SELECT o.id,o.department_ids,o.max_active,\n                    SUM(CASE WHEN c.status IN (\'waiting\',\'open\',\'pending_customer\') THEN 1 ELSE 0 END) active_count\n             FROM {$operators} o\n             LEFT JOIN {$conversations} c ON c.operator_id=o.id\n             WHERE o.online=1\n             GROUP BY o.id,o.department_ids,o.max_active\n             ORDER BY active_count ASC,o.id ASC",\n            ARRAY_A\n        );\n        foreach((array)$rows as $row){\n            $ids=array_values(array_filter(array_map(\'intval\',explode(\',\',(string)$row[\'department_ids\']))));\n            if($ids && !in_array($departmentId,$ids,true))continue;\n            if((int)$row[\'active_count\'] >= max(1,(int)$row[\'max_active\']))continue;\n            return (int)$row[\'id\'];\n        }\n        return 0;\n    }\n\n    public static function api_create(WP_REST_Request $r): WP_REST_Response {\n        try {\n            $customer=self::auth_customer($r);\n            self::rate_limit((int)$customer[\'id\'],\'create\',4,120);\n            $body=$r->get_json_params(); if(!is_array($body))$body=[];\n            $dept=(int)($body[\'department_id\']??0);\n            $message=self::clean_message($body[\'message\']??\'\');\n            $subject=sanitize_text_field((string)($body[\'subject\']??\'\'));\n            if ($subject===\'\') $subject=mb_substr($message,0,80);\n\n            global $wpdb;\n            $d=$wpdb->get_row($wpdb->prepare("SELECT * FROM ".self::table(\'departments\')." WHERE id=%d AND active=1",$dept),ARRAY_A);\n            if(!$d) throw new BlueVPN_Auth_Exception(422,\'SUPPORT_INVALID_DEPARTMENT\',\'بخش پشتیبانی معتبر نیست\');\n\n            $now=BlueVPN_Utils::now_mysql();\n            $operatorId=self::auto_assign_operator($dept);\n            $firstDue=gmdate(\'Y-m-d H:i:s\',time()+max(5,(int)($d[\'first_response_minutes\']??30))*60);\n            $resolutionDue=gmdate(\'Y-m-d H:i:s\',time()+max(30,(int)($d[\'resolution_minutes\']??1440))*60);\n            $public=\'chat_\'.substr(hash(\'sha256\',wp_generate_uuid4().\'|\'.$customer[\'id\'].\'|\'.microtime(true)),0,20);\n            $wpdb->insert(self::table(\'conversations\'),[\n                \'public_id\'=>$public,\'customer_id\'=>(int)$customer[\'id\'],\'department_id\'=>$dept,\n                \'operator_id\'=>$operatorId,\'subject\'=>$subject,\'status\'=>$operatorId>0?\'open\':\'waiting\',\'priority\'=>\'normal\',\'source\'=>\'android\',\n                \'unread_customer\'=>0,\'unread_operator\'=>1,\'last_message_at\'=>$now,\n                \'first_response_due_at\'=>$firstDue,\'resolution_due_at\'=>$resolutionDue,\n                \'created_at\'=>$now,\'updated_at\'=>$now,\n            ]);\n            $cid=(int)$wpdb->insert_id;\n            self::insert_message($cid,\'customer\',(int)$customer[\'id\'],$message);\n            self::event($cid,\'customer\',(int)$customer[\'id\'],\'conversation_created\',[\'department_id\'=>$dept]);\n            self::telegram_notify_new($cid,$customer,$d,$message);\n            return new WP_REST_Response([\'conversation\'=>self::serialize_conversation(self::conversation_row($cid))],201);\n        } catch (BlueVPN_Auth_Exception $e) { return self::auth_fail($e); }\n        catch(Throwable $e){ return self::server_fail($e,\'support_create\'); }\n    }\n\n    public static function api_messages(WP_REST_Request $r): WP_REST_Response {\n        try {\n            $customer=self::auth_customer($r);\n            $cid=(int)$r[\'id\'];\n            $conv=self::conversation_for_customer($cid,(int)$customer[\'id\']);\n            if(!$conv) throw new BlueVPN_Auth_Exception(404,\'SUPPORT_NOT_FOUND\',\'گفتگو پیدا نشد\');\n            $after=max(0,(int)$r->get_param(\'after_id\'));\n            global $wpdb;\n            $rows=$wpdb->get_results($wpdb->prepare(\n                "SELECT id,sender_type,body,message_type,created_at,seen_at FROM ".self::table(\'messages\')." WHERE conversation_id=%d AND id>%d ORDER BY id ASC LIMIT 200",\n                $cid,$after\n            ),ARRAY_A);\n            $wpdb->query($wpdb->prepare(\n                "UPDATE ".self::table(\'messages\')." SET seen_at=%s WHERE conversation_id=%d AND sender_type=\'operator\' AND seen_at IS NULL",\n                BlueVPN_Utils::now_mysql(),$cid\n            ));\n            $wpdb->update(self::table(\'conversations\'),[\'unread_customer\'=>0],[\'id\'=>$cid]);\n            $attachmentMap=self::attachment_rows_for_messages(array_column((array)$rows,\'id\'));\n            return new WP_REST_Response([\n                \'conversation\'=>self::serialize_conversation($conv),\n                \'messages\'=>array_map(static function($m) use ($attachmentMap){\n                    $mid=(int)$m[\'id\'];\n                    return [\'id\'=>$mid,\'sender\'=>(string)$m[\'sender_type\'],\'body\'=>(string)$m[\'body\'],\'type\'=>(string)$m[\'message_type\'],\'created_at\'=>(string)$m[\'created_at\'],\'seen\'=>(bool)$m[\'seen_at\'],\'attachments\'=>$attachmentMap[$mid]??[]];\n                },(array)$rows),\n            ]);\n        } catch (BlueVPN_Auth_Exception $e) { return self::auth_fail($e); }\n    }\n\n    public static function api_send(WP_REST_Request $r): WP_REST_Response {\n        try {\n            $customer=self::auth_customer($r);\n            self::rate_limit((int)$customer[\'id\'],\'message\',12,60);\n            $cid=(int)$r[\'id\'];\n            $conv=self::conversation_for_customer($cid,(int)$customer[\'id\']);\n            if(!$conv) throw new BlueVPN_Auth_Exception(404,\'SUPPORT_NOT_FOUND\',\'گفتگو پیدا نشد\');\n            if($conv[\'status\']===\'closed\') throw new BlueVPN_Auth_Exception(409,\'SUPPORT_CLOSED\',\'این گفتگو بسته شده است\');\n            $body=$r->get_json_params(); if(!is_array($body))$body=[];\n            $message=self::clean_message($body[\'message\']??\'\');\n            $mid=self::insert_message($cid,\'customer\',(int)$customer[\'id\'],$message);\n            global $wpdb;\n            $wpdb->query($wpdb->prepare(\n                "UPDATE ".self::table(\'conversations\')." SET unread_operator=unread_operator+1,status=IF(status=\'waiting\',\'waiting\',\'open\'),last_message_at=%s,updated_at=%s WHERE id=%d",\n                BlueVPN_Utils::now_mysql(),BlueVPN_Utils::now_mysql(),$cid\n            ));\n            self::telegram_notify_reply($cid,$customer,$message);\n            return new WP_REST_Response([\'ok\'=>true,\'message_id\'=>$mid]);\n        } catch (BlueVPN_Auth_Exception $e) { return self::auth_fail($e); }\n        catch(Throwable $e){ return self::server_fail($e,\'support_send\'); }\n    }\n\n    public static function api_unread(WP_REST_Request $r): WP_REST_Response {\n        try {\n            $customer=self::auth_customer($r);\n            global $wpdb;\n            $row=$wpdb->get_row($wpdb->prepare(\n                "SELECT c.id,c.unread_customer,m.id message_id,m.body,m.created_at\n                 FROM ".self::table(\'conversations\')." c\n                 LEFT JOIN ".self::table(\'messages\')." m ON m.id=(\n                    SELECT id FROM ".self::table(\'messages\')." WHERE conversation_id=c.id AND sender_type=\'operator\' ORDER BY id DESC LIMIT 1\n                 )\n                 WHERE c.customer_id=%d AND c.unread_customer>0\n                 ORDER BY c.last_message_at DESC LIMIT 1",\n                (int)$customer[\'id\']\n            ),ARRAY_A);\n            $count=(int)$wpdb->get_var($wpdb->prepare(\n                "SELECT COALESCE(SUM(unread_customer),0) FROM ".self::table(\'conversations\')." WHERE customer_id=%d",\n                (int)$customer[\'id\']\n            ));\n            return new WP_REST_Response([\n                \'unread\'=>$count,\n                \'latest\'=>$row?[\n                    \'conversation_id\'=>(int)$row[\'id\'],\n                    \'message_id\'=>(int)($row[\'message_id\']??0),\n                    \'body\'=>(string)($row[\'body\']??\'\'),\n                    \'created_at\'=>(string)($row[\'created_at\']??\'\'),\n                ]:null,\n            ]);\n        } catch (BlueVPN_Auth_Exception $e) { return self::auth_fail($e); }\n    }\n\n    public static function api_attachment(WP_REST_Request $r): WP_REST_Response {\n        try {\n            $customer=self::auth_customer($r);\n            self::rate_limit((int)$customer[\'id\'],\'attachment\',5,120);\n            $cid=(int)$r[\'id\'];\n            $conv=self::conversation_for_customer($cid,(int)$customer[\'id\']);\n            if(!$conv)throw new BlueVPN_Auth_Exception(404,\'SUPPORT_NOT_FOUND\',\'گفتگو پیدا نشد\');\n            if($conv[\'status\']===\'closed\')throw new BlueVPN_Auth_Exception(409,\'SUPPORT_CLOSED\',\'این گفتگو بسته شده است\');\n            $body=$r->get_json_params();if(!is_array($body))$body=[];\n            $name=self::safe_attachment_name((string)($body[\'name\']??\'attachment\'));\n            $mime=sanitize_mime_type((string)($body[\'mime\']??\'\'));\n            $encoded=(string)($body[\'data_base64\']??\'\');\n            $mid=self::insert_message($cid,\'customer\',(int)$customer[\'id\'],\'📎 \'.$name,\'attachment\');\n            try {\n                $aid=self::save_base64_attachment($cid,$mid,\'customer\',(int)$customer[\'id\'],$name,$mime,$encoded);\n            } catch(Throwable $e) {\n                global $wpdb;\n                $wpdb->delete(self::table(\'messages\'),[\'id\'=>$mid,\'conversation_id\'=>$cid]);\n                throw $e;\n            }\n            global $wpdb;\n            $wpdb->query($wpdb->prepare(\n                "UPDATE ".self::table(\'conversations\')." SET unread_operator=unread_operator+1,last_message_at=%s,updated_at=%s WHERE id=%d",\n                BlueVPN_Utils::now_mysql(),BlueVPN_Utils::now_mysql(),$cid\n            ));\n            self::event($cid,\'customer\',(int)$customer[\'id\'],\'attachment_added\',[\'attachment_id\'=>$aid,\'mime\'=>$mime]);\n            self::telegram_notify_reply($cid,$customer,\'📎 \'.$name);\n            return new WP_REST_Response([\'ok\'=>true,\'message_id\'=>$mid,\'attachment_id\'=>$aid],201);\n        } catch (BlueVPN_Auth_Exception $e) { return self::auth_fail($e); }\n        catch(Throwable $e){ return self::server_fail($e,\'support_attachment\'); }\n    }\n\n    public static function api_close(WP_REST_Request $r): WP_REST_Response {\n        try {\n            $customer=self::auth_customer($r);\n            $cid=(int)$r[\'id\'];\n            $conv=self::conversation_for_customer($cid,(int)$customer[\'id\']);\n            if(!$conv) throw new BlueVPN_Auth_Exception(404,\'SUPPORT_NOT_FOUND\',\'گفتگو پیدا نشد\');\n            self::set_status($cid,\'closed\',\'customer\',(int)$customer[\'id\']);\n            return new WP_REST_Response([\'ok\'=>true]);\n        } catch (BlueVPN_Auth_Exception $e) { return self::auth_fail($e); }\n    }\n\n    private static function auth_fail(BlueVPN_Auth_Exception $e): WP_REST_Response {\n        return new WP_REST_Response([\'detail\'=>[\'code\'=>$e->error_code,\'message\'=>$e->getMessage()]],$e->http_status);\n    }\n    private static function server_fail(Throwable $e,string $scope): WP_REST_Response {\n        $trace=substr(hash(\'sha256\',$scope.\'|\'.microtime(true).\'|\'.wp_rand()),0,12);\n        error_log("BlueVPN Support {$scope} [{$trace}]: ".$e->getMessage());\n        return new WP_REST_Response([\'detail\'=>[\'code\'=>\'SUPPORT_INTERNAL\',\'message\'=>\'خطای داخلی پشتیبانی\',\'trace_id\'=>$trace]],500);\n    }\n    private static function conversation_row(int $id): array {\n        global $wpdb;\n        return (array)$wpdb->get_row($wpdb->prepare("SELECT * FROM ".self::table(\'conversations\')." WHERE id=%d",$id),ARRAY_A);\n    }\n    private static function insert_message(int $cid,string $type,int $sender,string $body,string $messageType=\'text\'): int {\n        global $wpdb;\n        $wpdb->insert(self::table(\'messages\'),[\n            \'conversation_id\'=>$cid,\'sender_type\'=>$type,\'sender_id\'=>$sender,\'body\'=>$body,\n            \'message_type\'=>$messageType,\'created_at\'=>BlueVPN_Utils::now_mysql(),\n        ]);\n        return (int)$wpdb->insert_id;\n    }\n    private static function event(int $cid,string $actorType,int $actorId,string $type,array $payload=[]): void {\n        global $wpdb;\n        $wpdb->insert(self::table(\'events\'),[\n            \'conversation_id\'=>$cid,\'actor_type\'=>$actorType,\'actor_id\'=>$actorId,\'event_type\'=>$type,\n            \'payload_json\'=>$payload?wp_json_encode($payload,JSON_UNESCAPED_UNICODE|JSON_UNESCAPED_SLASHES):null,\n            \'created_at\'=>BlueVPN_Utils::now_mysql(),\n        ]);\n    }\n    private static function set_status(int $cid,string $status,string $actorType,int $actorId): void {\n        $allowed=[\'waiting\',\'open\',\'pending_customer\',\'resolved\',\'closed\'];\n        if(!in_array($status,$allowed,true))$status=\'open\';\n        global $wpdb;\n        $data=[\'status\'=>$status,\'updated_at\'=>BlueVPN_Utils::now_mysql()];\n        if($status===\'resolved\')$data[\'resolved_at\']=BlueVPN_Utils::now_mysql();\n        if($status===\'closed\')$data[\'closed_at\']=BlueVPN_Utils::now_mysql();\n        $wpdb->update(self::table(\'conversations\'),$data,[\'id\'=>$cid]);\n        self::event($cid,$actorType,$actorId,\'status_changed\',[\'status\'=>$status]);\n    }\n\n    private static function touch_current_operator(): void {\n        if(!is_user_logged_in())return;\n        global $wpdb;\n        $uid=get_current_user_id();\n        if($uid<=0)return;\n        $wpdb->update(\n            self::table(\'operators\'),\n            [\'online\'=>1,\'last_seen_at\'=>BlueVPN_Utils::now_mysql(),\'updated_at\'=>BlueVPN_Utils::now_mysql()],\n            [\'wp_user_id\'=>$uid]\n        );\n    }\n\n    public static function admin_menu(): void {\n        add_submenu_page(\'bluevpn-manager\',\'پشتیبانی آنلاین\',\'پشتیبانی آنلاین\',\'manage_options\',\'bluevpn-support\',[self::class,\'admin_page\']);\n    }\n\n    public static function admin_page(): void {\n        if(!current_user_can(\'manage_options\'))return;\n        self::touch_current_operator();\n        BlueVPN_Unified_UI::shell_open(\n            \'پشتیبانی آنلاین\',\n            \'گفتگوهای کاربران • اپراتورها • SLA • BlueAI\'\n        );\n\n        global $wpdb;\n        $cid=max(0,(int)($_GET[\'conversation\']??0));\n        $convs=$wpdb->get_results(\n            "SELECT c.*,d.name department_name,o.display_name operator_name\n             FROM ".self::table(\'conversations\')." c\n             LEFT JOIN ".self::table(\'departments\')." d ON d.id=c.department_id\n             LEFT JOIN ".self::table(\'operators\')." o ON o.id=c.operator_id\n             ORDER BY FIELD(c.status,\'waiting\',\'open\',\'pending_customer\',\'resolved\',\'closed\'),\n                      c.last_message_at DESC\n             LIMIT 100",\n            ARRAY_A\n        );\n        $depts=$wpdb->get_results(\n            "SELECT * FROM ".self::table(\'departments\')." ORDER BY sort_order,id",\n            ARRAY_A\n        );\n        $ops=$wpdb->get_results(\n            "SELECT * FROM ".self::table(\'operators\')." ORDER BY display_name",\n            ARRAY_A\n        );\n\n        $stats=[\n            \'all\'=>count((array)$convs),\n            \'waiting\'=>0,\n            \'open\'=>0,\n            \'overdue\'=>0,\n        ];\n        foreach((array)$convs as $row){\n            $status=(string)($row[\'status\']??\'\');\n            if($status===\'waiting\')$stats[\'waiting\']++;\n            if(in_array($status,[\'open\',\'pending_customer\'],true))$stats[\'open\']++;\n            $sla=self::sla_state($row);\n            if(($sla[\'state\']??\'\')!==\'on_time\')$stats[\'overdue\']++;\n        }\n\n        echo \'<style>\n        .bvs-app{\n            --bvs-bg:#08111d;\n            --bvs-panel:#0d1726;\n            --bvs-panel-2:#111e30;\n            --bvs-panel-3:#16243a;\n            --bvs-border:#22324a;\n            --bvs-text:#edf5ff;\n            --bvs-muted:#8ea0ba;\n            --bvs-accent:#24d6c3;\n            --bvs-blue:#4b83ff;\n            --bvs-danger:#ff6677;\n            --bvs-warning:#ffb34d;\n            color:var(--bvs-text);\n            direction:rtl;\n        }\n        .bvs-topstats{\n            display:grid;\n            grid-template-columns:repeat(4,minmax(0,1fr));\n            gap:12px;\n            margin:0 0 14px;\n        }\n        .bvs-stat{\n            background:linear-gradient(180deg,var(--bvs-panel-2),var(--bvs-panel));\n            border:1px solid var(--bvs-border);\n            border-radius:16px;\n            padding:14px 16px;\n            min-height:74px;\n        }\n        .bvs-stat-label{color:var(--bvs-muted);font-size:12px;margin-bottom:4px}\n        .bvs-stat-value{font-size:24px;font-weight:800;line-height:1}\n        .bvs-layout{\n            display:grid;\n            grid-template-columns:minmax(250px,320px) minmax(0,1fr) minmax(250px,310px);\n            gap:14px;\n            align-items:stretch;\n            min-height:660px;\n        }\n        .bvs-panel{\n            background:linear-gradient(180deg,var(--bvs-panel-2),var(--bvs-panel));\n            border:1px solid var(--bvs-border);\n            border-radius:18px;\n            overflow:hidden;\n            box-shadow:0 14px 34px rgba(0,0,0,.18);\n        }\n        .bvs-panel-head{\n            display:flex;\n            align-items:center;\n            justify-content:space-between;\n            gap:10px;\n            padding:14px 16px;\n            border-bottom:1px solid var(--bvs-border);\n        }\n        .bvs-panel-head h2,.bvs-panel-head h3{margin:0;color:var(--bvs-text);font-size:15px}\n        .bvs-pill{\n            display:inline-flex;\n            align-items:center;\n            gap:6px;\n            border:1px solid var(--bvs-border);\n            background:#0a1422;\n            color:var(--bvs-muted);\n            border-radius:999px;\n            padding:5px 9px;\n            font-size:10px;\n            white-space:nowrap;\n        }\n        .bvs-list{max-height:680px;overflow:auto}\n        .bvs-conv{\n            display:block;\n            padding:13px 14px;\n            text-decoration:none!important;\n            color:var(--bvs-text)!important;\n            border-bottom:1px solid rgba(34,50,74,.7);\n            transition:.15s ease;\n        }\n        .bvs-conv:hover,.bvs-conv.is-active{background:rgba(75,131,255,.10)}\n        .bvs-conv-top{\n            display:flex;\n            align-items:center;\n            justify-content:space-between;\n            gap:8px;\n            margin-bottom:5px;\n        }\n        .bvs-conv-title{\n            font-size:13px;\n            font-weight:700;\n            overflow:hidden;\n            text-overflow:ellipsis;\n            white-space:nowrap;\n            min-width:0;\n        }\n        .bvs-conv-time{font-size:9px;color:var(--bvs-muted);white-space:nowrap}\n        .bvs-conv-meta{\n            display:flex;\n            flex-wrap:wrap;\n            gap:5px;\n            align-items:center;\n            color:var(--bvs-muted);\n            font-size:10px;\n        }\n        .bvs-dot{width:7px;height:7px;border-radius:99px;display:inline-block;background:#73839b}\n        .bvs-dot.waiting{background:var(--bvs-warning)}\n        .bvs-dot.open,.bvs-dot.pending_customer{background:var(--bvs-accent)}\n        .bvs-dot.closed,.bvs-dot.resolved{background:#62708a}\n        .bvs-sla-bad{color:var(--bvs-warning);font-weight:700}\n        .bvs-chat{\n            display:flex;\n            flex-direction:column;\n            min-height:660px;\n        }\n        .bvs-chat-head{\n            padding:14px 16px;\n            border-bottom:1px solid var(--bvs-border);\n            display:flex;\n            align-items:center;\n            justify-content:space-between;\n            gap:12px;\n        }\n        .bvs-chat-title{min-width:0}\n        .bvs-chat-title strong{display:block;font-size:15px;color:var(--bvs-text);white-space:nowrap;overflow:hidden;text-overflow:ellipsis}\n        .bvs-chat-title small{color:var(--bvs-muted)}\n        .bvs-chat-body{\n            flex:1;\n            min-height:370px;\n            max-height:500px;\n            overflow:auto;\n            padding:16px;\n            background:\n                radial-gradient(circle at 20% 10%,rgba(75,131,255,.06),transparent 34%),\n                linear-gradient(180deg,#091421,#0a1421);\n        }\n        .bvs-msg-row{display:flex;margin:8px 0}\n        .bvs-msg-row.customer{justify-content:flex-start}\n        .bvs-msg-row.operator{justify-content:flex-end}\n        .bvs-msg-row.system{justify-content:center}\n        .bvs-msg{\n            max-width:min(78%,620px);\n            border-radius:16px;\n            padding:10px 12px;\n            border:1px solid var(--bvs-border);\n            line-height:1.8;\n            font-size:12px;\n            box-shadow:0 6px 18px rgba(0,0,0,.10);\n        }\n        .bvs-msg.customer{background:#173056;border-color:#28528f}\n        .bvs-msg.operator{background:#102d2b;border-color:#1e5a55}\n        .bvs-msg.system{background:#121d2c;color:var(--bvs-muted)}\n        .bvs-msg-meta{display:flex;justify-content:space-between;gap:14px;margin-top:5px;color:#8da0bb;font-size:9px}\n        .bvs-ai{\n            margin:12px 14px 0;\n            padding:11px 12px;\n            border-radius:14px;\n            border:1px solid rgba(75,131,255,.35);\n            background:rgba(75,131,255,.08);\n        }\n        .bvs-ai strong{color:#86a9ff}\n        .bvs-compose{padding:12px 14px 14px}\n        .bvs-compose textarea,\n        .bvs-app input[type=text],\n        .bvs-app input[type=number],\n        .bvs-app select,\n        .bvs-app textarea{\n            width:100%;\n            box-sizing:border-box;\n            background:#081321!important;\n            color:var(--bvs-text)!important;\n            border:1px solid var(--bvs-border)!important;\n            border-radius:12px!important;\n            min-height:40px;\n            box-shadow:none!important;\n        }\n        .bvs-compose textarea{min-height:92px;resize:vertical;padding:10px 12px}\n        .bvs-row{display:flex;gap:8px;align-items:center;flex-wrap:wrap}\n        .bvs-row > *{min-width:0}\n        .bvs-btn{\n            display:inline-flex;\n            align-items:center;\n            justify-content:center;\n            border:0;\n            border-radius:11px;\n            min-height:40px;\n            padding:0 14px;\n            cursor:pointer;\n            font-weight:700;\n            text-decoration:none!important;\n        }\n        .bvs-btn-primary{background:linear-gradient(135deg,#4b83ff,#2d66e8);color:#fff}\n        .bvs-btn-soft{background:#132137;color:var(--bvs-text);border:1px solid var(--bvs-border)}\n        .bvs-btn-danger{background:rgba(255,102,119,.12);color:#ff8390;border:1px solid rgba(255,102,119,.3)}\n        .bvs-side-scroll{max-height:680px;overflow:auto;padding:12px}\n        .bvs-section{\n            background:#0a1422;\n            border:1px solid var(--bvs-border);\n            border-radius:14px;\n            padding:12px;\n            margin-bottom:10px;\n        }\n        .bvs-section h3{margin:0 0 10px;color:var(--bvs-text);font-size:13px}\n        .bvs-form-grid{display:grid;grid-template-columns:1fr 1fr;gap:8px}\n        .bvs-form-grid .wide{grid-column:1/-1}\n        .bvs-mini-list{display:grid;gap:7px}\n        .bvs-mini-item{\n            display:flex;\n            justify-content:space-between;\n            align-items:center;\n            gap:8px;\n            border:1px solid var(--bvs-border);\n            background:#0d1928;\n            border-radius:11px;\n            padding:9px 10px;\n        }\n        .bvs-mini-item strong{font-size:11px}\n        .bvs-mini-item small{color:var(--bvs-muted);font-size:9px}\n        .bvs-note{\n            background:#2a2512;\n            border:1px solid #5e5122;\n            border-radius:11px;\n            padding:9px 10px;\n            margin-top:7px;\n            color:#f1df9c;\n            font-size:11px;\n        }\n        .bvs-empty{\n            min-height:620px;\n            display:flex;\n            align-items:center;\n            justify-content:center;\n            text-align:center;\n            padding:24px;\n            color:var(--bvs-muted);\n        }\n        .bvs-empty-icon{\n            width:64px;height:64px;border-radius:20px;\n            margin:0 auto 12px;\n            display:flex;align-items:center;justify-content:center;\n            background:rgba(36,214,195,.09);\n            border:1px solid rgba(36,214,195,.22);\n            font-size:28px;\n        }\n        .bvs-app input[type=file]{color:var(--bvs-muted);max-width:100%}\n        @media(max-width:1100px){\n            .bvs-layout{grid-template-columns:minmax(230px,300px) minmax(0,1fr)}\n            .bvs-right{grid-column:1/-1}\n            .bvs-side-scroll{max-height:none}\n        }\n        @media(max-width:760px){\n            .bvs-topstats{grid-template-columns:repeat(2,minmax(0,1fr))}\n            .bvs-layout{display:block}\n            .bvs-panel{margin-bottom:12px}\n            .bvs-list{max-height:280px}\n            .bvs-chat{min-height:560px}\n            .bvs-chat-body{max-height:420px}\n            .bvs-msg{max-width:90%}\n            .bvs-form-grid{grid-template-columns:1fr}\n            .bvs-form-grid .wide{grid-column:auto}\n            .bvs-row{align-items:stretch}\n            .bvs-row > *{width:100%}\n            .bvs-btn{width:100%}\n        }\n        </style>\';\n\n        echo \'<div class="bvs-app">\';\n        echo \'<div class="bvs-topstats">\';\n        foreach([\n            [\'همه گفتگوها\',$stats[\'all\']],\n            [\'در انتظار\',$stats[\'waiting\']],\n            [\'فعال\',$stats[\'open\']],\n            [\'SLA عقب\u200cافتاده\',$stats[\'overdue\']],\n        ] as $stat){\n            echo \'<div class="bvs-stat"><div class="bvs-stat-label">\'.esc_html((string)$stat[0]).\'</div><div class="bvs-stat-value">\'.(int)$stat[1].\'</div></div>\';\n        }\n        echo \'</div>\';\n\n        echo \'<div class="bvs-layout">\';\n\n        echo \'<section class="bvs-panel">\';\n        echo \'<div class="bvs-panel-head"><h2>گفتگوها</h2><span class="bvs-pill">\'.(int)$stats[\'all\'].\' گفتگو</span></div>\';\n        echo \'<div class="bvs-list">\';\n        if(!$convs){\n            echo \'<div class="bvs-empty"><div><div class="bvs-empty-icon">💬</div><strong>هنوز گفتگویی نیست</strong><br><small>پیام\u200cهای کاربران اینجا نمایش داده می\u200cشوند.</small></div></div>\';\n        } else {\n            foreach((array)$convs as $c){\n                $sla=self::sla_state($c);\n                $active=$cid===(int)$c[\'id\'];\n                $status=(string)$c[\'status\'];\n                $title=trim((string)$c[\'subject\'])?:\'بدون عنوان\';\n                echo \'<a class="bvs-conv\'.($active?\' is-active\':\'\').\'" href="\'.esc_url(admin_url(\'admin.php?page=bluevpn-support&conversation=\'.(int)$c[\'id\'])).\'">\';\n                echo \'<div class="bvs-conv-top"><span class="bvs-conv-title">\'.esc_html($title).\'</span><span class="bvs-conv-time">\'.esc_html((string)$c[\'last_message_at\']).\'</span></div>\';\n                echo \'<div class="bvs-conv-meta"><span class="bvs-dot \'.esc_attr($status).\'"></span><span>\'.esc_html((string)$c[\'department_name\']).\'</span><span>•</span><span>\'.esc_html($status).\'</span>\';\n                if(($sla[\'state\']??\'on_time\')!==\'on_time\')echo \'<span class="bvs-sla-bad">• SLA</span>\';\n                echo \'</div></a>\';\n            }\n        }\n        echo \'</div></section>\';\n\n        echo \'<section class="bvs-panel bvs-chat">\';\n        if($cid>0){\n            $c=$wpdb->get_row(\n                $wpdb->prepare("SELECT * FROM ".self::table(\'conversations\')." WHERE id=%d",$cid),\n                ARRAY_A\n            );\n        } else {\n            $c=null;\n        }\n\n        if($c){\n            $msgs=$wpdb->get_results(\n                $wpdb->prepare(\n                    "SELECT * FROM ".self::table(\'messages\')." WHERE conversation_id=%d ORDER BY id ASC",\n                    $cid\n                ),\n                ARRAY_A\n            );\n            $notes=$wpdb->get_results(\n                $wpdb->prepare(\n                    "SELECT * FROM ".self::table(\'notes\')." WHERE conversation_id=%d ORDER BY id DESC LIMIT 30",\n                    $cid\n                ),\n                ARRAY_A\n            );\n            $canned=$wpdb->get_results(\n                $wpdb->prepare(\n                    "SELECT * FROM ".self::table(\'canned_replies\')."\n                     WHERE active=1 AND (department_id=0 OR department_id=%d)\n                     ORDER BY title",\n                    (int)$c[\'department_id\']\n                ),\n                ARRAY_A\n            );\n            $suggestion=self::blueai_suggestion($cid);\n            $sla=self::sla_state($c);\n\n            echo \'<div class="bvs-chat-head">\';\n            echo \'<div class="bvs-chat-title"><strong>\'.esc_html((string)$c[\'subject\']).\'</strong><small>#\'.(int)$cid.\' • \'.esc_html((string)$c[\'status\']).\'</small></div>\';\n            echo \'<span class="bvs-pill">\'.esc_html((string)($sla[\'state\']??\'on_time\')).\'</span>\';\n            echo \'</div>\';\n\n            echo \'<div class="bvs-chat-body" id="bvs-chat-body">\';\n            if(!$msgs){\n                echo \'<div class="bvs-empty"><div><div class="bvs-empty-icon">✦</div><strong>گفتگو آماده است</strong><br><small>اولین پیام در اینجا ظاهر می\u200cشود.</small></div></div>\';\n            } else {\n                foreach((array)$msgs as $m){\n                    $sender=(string)$m[\'sender_type\'];\n                    if(!in_array($sender,[\'customer\',\'operator\',\'system\'],true))$sender=\'system\';\n                    $label=$sender===\'customer\'?\'کاربر\':($sender===\'operator\'?\'پشتیبانی\':\'سیستم\');\n                    echo \'<div class="bvs-msg-row \'.esc_attr($sender).\'"><div class="bvs-msg \'.esc_attr($sender).\'">\';\n                    echo \'<div>\'.nl2br(esc_html((string)$m[\'body\'])).\'</div>\';\n                    echo \'<div class="bvs-msg-meta"><span>\'.esc_html($label).\'</span><span>\'.esc_html((string)$m[\'created_at\']).\'</span></div>\';\n                    echo \'</div></div>\';\n                }\n            }\n            echo \'</div>\';\n\n            echo \'<div class="bvs-ai"><strong>پیشنهاد BlueAI</strong><div style="margin-top:5px">\'.esc_html($suggestion).\'</div></div>\';\n\n            echo \'<div class="bvs-compose">\';\n            echo \'<form method="post" action="\'.esc_url(admin_url(\'admin-post.php\')).\'">\';\n            wp_nonce_field(\'bluevpn_support_reply_\'.$cid);\n            echo \'<input type="hidden" name="action" value="bluevpn_support_reply"><input type="hidden" name="conversation_id" value="\'.$cid.\'">\';\n            echo \'<div class="bvs-row" style="margin-bottom:8px">\';\n            echo \'<select id="bvs-canned-\'.$cid.\'" style="flex:1" onchange="var t=document.getElementById(\\\'bvs-reply-\'.$cid.\'\\\');if(this.value)t.value=this.value"><option value="">پاسخ آماده...</option>\';\n            foreach((array)$canned as $cr){\n                echo \'<option value="\'.esc_attr((string)$cr[\'body\']).\'">\'.esc_html((string)$cr[\'title\']).\'</option>\';\n            }\n            echo \'</select>\';\n            echo \'<button type="button" class="bvs-btn bvs-btn-soft" onclick="document.getElementById(\\\'bvs-reply-\'.$cid.\'\\\').value=\'.esc_attr(wp_json_encode($suggestion)).\'">استفاده از BlueAI</button>\';\n            echo \'</div>\';\n            echo \'<textarea id="bvs-reply-\'.$cid.\'" name="message" required placeholder="پاسخ خود را بنویسید..."></textarea>\';\n            echo \'<div class="bvs-row" style="margin-top:8px"><button class="bvs-btn bvs-btn-primary">ارسال پاسخ</button></div>\';\n            echo \'</form>\';\n            echo \'</div>\';\n        } else {\n            echo \'<div class="bvs-empty"><div><div class="bvs-empty-icon">💬</div><strong>یک گفتگو را انتخاب کنید</strong><br><small>پیام\u200cهای کاربر و پاسخ اپراتور اینجا نمایش داده می\u200cشوند.</small></div></div>\';\n        }\n        echo \'</section>\';\n\n        echo \'<aside class="bvs-panel bvs-right">\';\n        echo \'<div class="bvs-panel-head"><h3>\'.($c?\'مدیریت گفتگو\':\'مدیریت پشتیبانی\').\'</h3><span class="bvs-pill">BlueVPN</span></div>\';\n        echo \'<div class="bvs-side-scroll">\';\n\n        if($c){\n            echo \'<div class="bvs-section"><h3>ارجاع و وضعیت</h3>\';\n            echo \'<form method="post" action="\'.esc_url(admin_url(\'admin-post.php\')).\'">\';\n            echo \'<input type="hidden" name="action" value="bluevpn_support_assign"><input type="hidden" name="conversation_id" value="\'.$cid.\'">\';\n            wp_nonce_field(\'bluevpn_support_assign_\'.$cid);\n            echo \'<div class="bvs-form-grid">\';\n            echo \'<select name="operator_id"><option value="0">بدون اپراتور</option>\';\n            foreach((array)$ops as $o){\n                echo \'<option value="\'.(int)$o[\'id\'].\'" \'.selected((int)$c[\'operator_id\'],(int)$o[\'id\'],false).\'>\'.esc_html((string)$o[\'display_name\']).\'</option>\';\n            }\n            echo \'</select>\';\n            echo \'<select name="department_id">\';\n            foreach((array)$depts as $d){\n                echo \'<option value="\'.(int)$d[\'id\'].\'" \'.selected((int)$c[\'department_id\'],(int)$d[\'id\'],false).\'>\'.esc_html((string)$d[\'name\']).\'</option>\';\n            }\n            echo \'</select>\';\n            echo \'<button class="bvs-btn bvs-btn-soft wide">تخصیص / انتقال</button></div></form>\';\n\n            echo \'<form style="margin-top:8px" method="post" action="\'.esc_url(admin_url(\'admin-post.php\')).\'">\';\n            echo \'<input type="hidden" name="action" value="bluevpn_support_status"><input type="hidden" name="conversation_id" value="\'.$cid.\'">\';\n            wp_nonce_field(\'bluevpn_support_status_\'.$cid);\n            echo \'<div class="bvs-row"><select name="status" style="flex:1">\';\n            foreach([\n                \'open\'=>\'در حال پاسخ\',\n                \'pending_customer\'=>\'منتظر کاربر\',\n                \'resolved\'=>\'حل\u200cشده\',\n                \'closed\'=>\'بسته\',\n            ] as $value=>$label){\n                echo \'<option value="\'.esc_attr($value).\'" \'.selected((string)$c[\'status\'],$value,false).\'>\'.esc_html($label).\'</option>\';\n            }\n            echo \'</select><button class="bvs-btn bvs-btn-soft">ثبت وضعیت</button></div></form>\';\n            echo \'</div>\';\n\n            echo \'<div class="bvs-section"><h3>SLA</h3>\';\n            echo \'<div class="bvs-mini-list">\';\n            echo \'<div class="bvs-mini-item"><div><strong>پاسخ اولیه</strong><br><small>\'.esc_html((string)$sla[\'first_response_due_at\']).\'</small></div><span class="bvs-pill">\'.(!empty($sla[\'first_response_overdue\'])?\'عقب\u200cافتاده\':\'عادی\').\'</span></div>\';\n            echo \'<div class="bvs-mini-item"><div><strong>حل گفتگو</strong><br><small>\'.esc_html((string)$sla[\'resolution_due_at\']).\'</small></div><span class="bvs-pill">\'.(!empty($sla[\'resolution_overdue\'])?\'عقب\u200cافتاده\':\'عادی\').\'</span></div>\';\n            echo \'</div></div>\';\n\n            echo \'<div class="bvs-section"><h3>فایل</h3>\';\n            echo \'<form method="post" enctype="multipart/form-data" action="\'.esc_url(admin_url(\'admin-post.php\')).\'">\';\n            echo \'<input type="hidden" name="action" value="bluevpn_support_attachment"><input type="hidden" name="conversation_id" value="\'.$cid.\'">\';\n            wp_nonce_field(\'bluevpn_support_attachment_\'.$cid);\n            echo \'<input type="file" name="attachment" accept="image/jpeg,image/png,image/webp,application/pdf,text/plain,application/zip" required>\';\n            echo \'<button style="margin-top:8px" class="bvs-btn bvs-btn-soft">ارسال فایل</button></form></div>\';\n\n            echo \'<div class="bvs-section"><h3>یادداشت داخلی</h3>\';\n            echo \'<form method="post" action="\'.esc_url(admin_url(\'admin-post.php\')).\'">\';\n            echo \'<input type="hidden" name="action" value="bluevpn_support_note"><input type="hidden" name="conversation_id" value="\'.$cid.\'">\';\n            wp_nonce_field(\'bluevpn_support_note_\'.$cid);\n            echo \'<textarea name="note" rows="3" required placeholder="فقط اپراتورها می\u200cبینند"></textarea>\';\n            echo \'<button style="margin-top:8px" class="bvs-btn bvs-btn-soft">ثبت یادداشت</button></form>\';\n            foreach((array)$notes as $n){\n                echo \'<div class="bvs-note">\'.nl2br(esc_html((string)$n[\'body\'])).\'<br><small>\'.esc_html((string)$n[\'created_at\']).\'</small></div>\';\n            }\n            echo \'</div>\';\n        } else {\n            echo \'<div class="bvs-section"><h3>افزودن بخش</h3>\';\n            echo \'<form method="post" action="\'.esc_url(admin_url(\'admin-post.php\')).\'">\';\n            echo \'<input type="hidden" name="action" value="bluevpn_support_department_save">\';\n            wp_nonce_field(\'bluevpn_support_department_save\');\n            echo \'<div class="bvs-form-grid">\';\n            echo \'<input class="wide" name="name" required placeholder="نام بخش">\';\n            echo \'<input class="wide" name="description" placeholder="توضیح کوتاه">\';\n            echo \'<input name="first_response_minutes" type="number" min="5" value="30" title="SLA پاسخ">\';\n            echo \'<input name="resolution_minutes" type="number" min="30" value="1440" title="SLA حل">\';\n            echo \'<button class="bvs-btn bvs-btn-primary wide">افزودن بخش</button>\';\n            echo \'</div></form></div>\';\n\n            echo \'<div class="bvs-section"><h3>افزودن اپراتور</h3>\';\n            echo \'<form method="post" action="\'.esc_url(admin_url(\'admin-post.php\')).\'">\';\n            echo \'<input type="hidden" name="action" value="bluevpn_support_operator_save">\';\n            wp_nonce_field(\'bluevpn_support_operator_save\');\n            echo \'<div class="bvs-form-grid"><input name="display_name" required placeholder="نام اپراتور"><input name="wp_user_id" type="number" min="0" placeholder="WP User ID">\';\n            echo \'<div class="wide" style="display:flex;gap:7px;flex-wrap:wrap">\';\n            foreach((array)$depts as $d){\n                echo \'<label class="bvs-pill"><input type="checkbox" name="department_ids[]" value="\'.(int)$d[\'id\'].\'"> \'.esc_html((string)$d[\'name\']).\'</label>\';\n            }\n            echo \'</div><button class="bvs-btn bvs-btn-primary wide">افزودن اپراتور</button></div></form></div>\';\n\n            echo \'<div class="bvs-section"><h3>پاسخ آماده</h3>\';\n            echo \'<form method="post" action="\'.esc_url(admin_url(\'admin-post.php\')).\'">\';\n            echo \'<input type="hidden" name="action" value="bluevpn_support_canned_save">\';\n            wp_nonce_field(\'bluevpn_support_canned_save\');\n            echo \'<input name="title" required placeholder="عنوان پاسخ">\';\n            echo \'<textarea style="margin-top:8px" name="body" rows="3" required placeholder="متن پاسخ آماده"></textarea>\';\n            echo \'<button style="margin-top:8px" class="bvs-btn bvs-btn-soft">ذخیره پاسخ</button></form></div>\';\n\n            echo \'<div class="bvs-section"><h3>بخش\u200cها</h3><div class="bvs-mini-list">\';\n            foreach((array)$depts as $d){\n                echo \'<div class="bvs-mini-item"><div><strong>\'.esc_html((string)$d[\'name\']).\'</strong><br><small>SLA \'.(int)$d[\'first_response_minutes\'].\' / \'.(int)$d[\'resolution_minutes\'].\' دقیقه</small></div><span class="bvs-pill">فعال</span></div>\';\n            }\n            echo \'</div></div>\';\n\n            echo \'<div class="bvs-section"><h3>اپراتورها</h3><div class="bvs-mini-list">\';\n            foreach((array)$ops as $o){\n                $online=!empty($o[\'online\']);\n                echo \'<div class="bvs-mini-item"><div><strong>\'.esc_html((string)$o[\'display_name\']).\'</strong><br><small>\'.($online?\'آنلاین\':\'آفلاین\').\'</small></div>\';\n                echo \'<form method="post" action="\'.esc_url(admin_url(\'admin-post.php\')).\'">\';\n                echo \'<input type="hidden" name="action" value="bluevpn_support_operator_presence"><input type="hidden" name="operator_id" value="\'.(int)$o[\'id\'].\'"><input type="hidden" name="online" value="\'.($online?\'0\':\'1\').\'">\';\n                wp_nonce_field(\'bluevpn_support_operator_presence_\'.(int)$o[\'id\']);\n                echo \'<button class="bvs-btn \'.($online?\'bvs-btn-danger\':\'bvs-btn-soft\').\'">\'.($online?\'آفلاین\':\'آنلاین\').\'</button></form></div>\';\n            }\n            echo \'</div></div>\';\n        }\n\n        echo \'</div></aside>\';\n        echo \'</div></div>\';\n\n        echo \'<script>\n        (function(){\n            var body=document.getElementById("bvs-chat-body");\n            if(body){body.scrollTop=body.scrollHeight;}\n        })();\n        </script>\';\n\n        BlueVPN_Unified_UI::shell_close();\n    }\n\n    public static function admin_reply(): void {\n        if(!current_user_can(\'manage_options\'))wp_die(\'Forbidden\',403);\n        $cid=(int)($_POST[\'conversation_id\']??0);\n        check_admin_referer(\'bluevpn_support_reply_\'.$cid);\n        try{$msg=self::clean_message(wp_unslash($_POST[\'message\']??\'\'));}\n        catch(Throwable $e){wp_die(esc_html($e->getMessage()));}\n        self::operator_reply($cid,$msg,get_current_user_id(),\'wordpress\');\n        wp_safe_redirect(admin_url(\'admin.php?page=bluevpn-support&conversation=\'.$cid));exit;\n    }\n\n    public static function admin_assign(): void {\n        if(!current_user_can(\'manage_options\'))wp_die(\'Forbidden\',403);\n        $cid=(int)($_POST[\'conversation_id\']??0);\n        check_admin_referer(\'bluevpn_support_assign_\'.$cid);\n        global $wpdb;\n        $wpdb->update(self::table(\'conversations\'),[\n            \'operator_id\'=>max(0,(int)($_POST[\'operator_id\']??0)),\n            \'department_id\'=>max(1,(int)($_POST[\'department_id\']??1)),\n            \'updated_at\'=>BlueVPN_Utils::now_mysql(),\n        ],[\'id\'=>$cid]);\n        wp_safe_redirect(admin_url(\'admin.php?page=bluevpn-support&conversation=\'.$cid));exit;\n    }\n    public static function admin_status(): void {\n        if(!current_user_can(\'manage_options\'))wp_die(\'Forbidden\',403);\n        $cid=(int)($_POST[\'conversation_id\']??0);\n        check_admin_referer(\'bluevpn_support_status_\'.$cid);\n        $status=sanitize_key((string)($_POST[\'status\']??\'open\'));\n        self::set_status($cid,$status,\'operator\',get_current_user_id());\n        wp_safe_redirect(admin_url(\'admin.php?page=bluevpn-support&conversation=\'.$cid));exit;\n    }\n    public static function admin_department_save(): void {\n        if(!current_user_can(\'manage_options\'))wp_die(\'Forbidden\',403);\n        check_admin_referer(\'bluevpn_support_department_save\');\n        $name=sanitize_text_field(wp_unslash($_POST[\'name\']??\'\'));\n        if($name!==\'\'){\n            global $wpdb;$now=BlueVPN_Utils::now_mysql();\n            $slug=sanitize_title($name).\'-\'.substr(hash(\'sha256\',$name.microtime(true)),0,6);\n            $wpdb->insert(self::table(\'departments\'),[\'name\'=>$name,\'slug\'=>$slug,\'description\'=>sanitize_text_field(wp_unslash($_POST[\'description\']??\'\')),\'active\'=>1,\'sort_order\'=>100,\'first_response_minutes\'=>max(5,(int)($_POST[\'first_response_minutes\']??30)),\'resolution_minutes\'=>max(30,(int)($_POST[\'resolution_minutes\']??1440)),\'created_at\'=>$now,\'updated_at\'=>$now]);\n        }\n        wp_safe_redirect(admin_url(\'admin.php?page=bluevpn-support\'));exit;\n    }\n    public static function admin_operator_save(): void {\n        if(!current_user_can(\'manage_options\'))wp_die(\'Forbidden\',403);\n        check_admin_referer(\'bluevpn_support_operator_save\');\n        $name=sanitize_text_field(wp_unslash($_POST[\'display_name\']??\'\'));\n        if($name!==\'\'){\n            global $wpdb;$now=BlueVPN_Utils::now_mysql();\n            $departmentIds=array_values(array_unique(array_filter(array_map(\'intval\',(array)($_POST[\'department_ids\']??[])))));\n            $wpdb->insert(self::table(\'operators\'),[\'wp_user_id\'=>max(0,(int)($_POST[\'wp_user_id\']??0)),\'display_name\'=>$name,\'department_ids\'=>implode(\',\',$departmentIds),\'online\'=>1,\'max_active\'=>20,\'created_at\'=>$now,\'updated_at\'=>$now]);\n        }\n        wp_safe_redirect(admin_url(\'admin.php?page=bluevpn-support\'));exit;\n    }\n\n    public static function admin_note(): void {\n        if(!current_user_can(\'manage_options\'))wp_die(\'Forbidden\',403);\n        $cid=(int)($_POST[\'conversation_id\']??0);\n        check_admin_referer(\'bluevpn_support_note_\'.$cid);\n        $body=trim(wp_strip_all_tags((string)wp_unslash($_POST[\'note\']??\'\')));\n        if($body!==\'\'){\n            global $wpdb;\n            $wpdb->insert(self::table(\'notes\'),[\n                \'conversation_id\'=>$cid,\'operator_id\'=>get_current_user_id(),\n                \'body\'=>mb_substr($body,0,4000),\'created_at\'=>BlueVPN_Utils::now_mysql(),\n            ]);\n            self::event($cid,\'operator\',get_current_user_id(),\'internal_note_added\');\n        }\n        wp_safe_redirect(admin_url(\'admin.php?page=bluevpn-support&conversation=\'.$cid));exit;\n    }\n\n    public static function admin_canned_save(): void {\n        if(!current_user_can(\'manage_options\'))wp_die(\'Forbidden\',403);\n        check_admin_referer(\'bluevpn_support_canned_save\');\n        $title=sanitize_text_field(wp_unslash($_POST[\'title\']??\'\'));\n        $body=trim(wp_strip_all_tags((string)wp_unslash($_POST[\'body\']??\'\')));\n        if($title!==\'\'&&$body!==\'\'){\n            global $wpdb;$now=BlueVPN_Utils::now_mysql();\n            $wpdb->insert(self::table(\'canned_replies\'),[\n                \'department_id\'=>max(0,(int)($_POST[\'department_id\']??0)),\n                \'title\'=>mb_substr($title,0,120),\'body\'=>mb_substr($body,0,4000),\n                \'active\'=>1,\'created_at\'=>$now,\'updated_at\'=>$now,\n            ]);\n        }\n        wp_safe_redirect(admin_url(\'admin.php?page=bluevpn-support\'));exit;\n    }\n\n    public static function admin_operator_presence(): void {\n        if(!current_user_can(\'manage_options\'))wp_die(\'Forbidden\',403);\n        $id=(int)($_POST[\'operator_id\']??0);\n        check_admin_referer(\'bluevpn_support_operator_presence_\'.$id);\n        global $wpdb;\n        $online=!empty($_POST[\'online\'])?1:0;\n        $wpdb->update(self::table(\'operators\'),[\n            \'online\'=>$online,\n            \'last_seen_at\'=>$online?BlueVPN_Utils::now_mysql():null,\n            \'updated_at\'=>BlueVPN_Utils::now_mysql(),\n        ],[\'id\'=>$id]);\n        wp_safe_redirect(admin_url(\'admin.php?page=bluevpn-support\'));exit;\n    }\n\n    public static function admin_attachment(): void {\n        if(!current_user_can(\'manage_options\'))wp_die(\'Forbidden\',403);\n        $cid=(int)($_POST[\'conversation_id\']??0);\n        check_admin_referer(\'bluevpn_support_attachment_\'.$cid);\n        $file=$_FILES[\'attachment\']??null;\n        if(!is_array($file)||!empty($file[\'error\'])||empty($file[\'tmp_name\'])) {\n            wp_safe_redirect(admin_url(\'admin.php?page=bluevpn-support&conversation=\'.$cid));exit;\n        }\n        $raw=@file_get_contents((string)$file[\'tmp_name\']);\n        if($raw===false)wp_die(\'فایل خوانده نشد\');\n        $name=self::safe_attachment_name((string)($file[\'name\']??\'attachment\'));\n        $mime=sanitize_mime_type((string)($file[\'type\']??\'application/octet-stream\'));\n        try {\n            $mid=self::insert_message($cid,\'operator\',get_current_user_id(),\'📎 \'.$name,\'attachment\');\n            try {\n                $aid=self::save_base64_attachment($cid,$mid,\'operator\',get_current_user_id(),$name,$mime,base64_encode($raw));\n            } catch(Throwable $e) {\n                global $wpdb;\n                $wpdb->delete(self::table(\'messages\'),[\'id\'=>$mid,\'conversation_id\'=>$cid]);\n                throw $e;\n            }\n            global $wpdb;$c=self::conversation_row($cid);$now=BlueVPN_Utils::now_mysql();\n            $firstResponse=empty($c[\'first_response_at\'])?$now:(string)$c[\'first_response_at\'];\n            $wpdb->query($wpdb->prepare(\n                "UPDATE ".self::table(\'conversations\')." SET unread_customer=unread_customer+1,unread_operator=0,status=\'pending_customer\',first_response_at=%s,last_message_at=%s,updated_at=%s WHERE id=%d",\n                $firstResponse,$now,$now,$cid\n            ));\n            self::event($cid,\'operator\',get_current_user_id(),\'attachment_added\',[\'attachment_id\'=>$aid]);\n        } catch(Throwable $e) {\n            wp_die(esc_html($e->getMessage()));\n        }\n        wp_safe_redirect(admin_url(\'admin.php?page=bluevpn-support&conversation=\'.$cid));exit;\n    }\n\n    public static function operator_reply(int $cid,string $message,int $operatorId=0,string $source=\'wordpress\'): bool {\n        $c=self::conversation_row($cid); if(!$c)return false;\n        self::insert_message($cid,\'operator\',$operatorId,self::clean_message($message));\n        global $wpdb;\n        $now=BlueVPN_Utils::now_mysql();\n        $firstResponse=empty($c[\'first_response_at\'])?$now:(string)$c[\'first_response_at\'];\n        $wpdb->query($wpdb->prepare(\n            "UPDATE ".self::table(\'conversations\')." SET unread_customer=unread_customer+1,unread_operator=0,status=\'pending_customer\',first_response_at=%s,last_message_at=%s,updated_at=%s WHERE id=%d",\n            $firstResponse,$now,$now,$cid\n        ));\n        self::event($cid,\'operator\',$operatorId,\'operator_reply\',[\'source\'=>$source]);\n        return true;\n    }\n\n    private static function customer_label(array $customer): string {\n        foreach([\'phone\',\'email\',\'username\',\'id\'] as $k){\n            $v=trim((string)($customer[$k]??\'\'));if($v!==\'\')return $v;\n        }\n        return \'customer\';\n    }\n\n    private static function telegram_notify_new(int $cid,array $customer,array $dept,string $message): void {\n        if(!class_exists(\'BlueVPN_Telegram_Bot\'))return;\n        BlueVPN_Telegram_Bot::support_notify(\n            "💬 <b>گفتگوی جدید پشتیبانی</b>\\n".\n            "شناسه: <code>#{$cid}</code>\\n".\n            "کاربر: <code>".esc_html(self::customer_label($customer))."</code>\\n".\n            "بخش: <b>".esc_html((string)$dept[\'name\'])."</b>\\n\\n".\n            esc_html(mb_substr($message,0,1800)).\n            "\\n\\nپاسخ: <code>/support_reply {$cid} متن پاسخ</code>"\n        );\n    }\n    private static function telegram_notify_reply(int $cid,array $customer,string $message): void {\n        if(!class_exists(\'BlueVPN_Telegram_Bot\'))return;\n        BlueVPN_Telegram_Bot::support_notify(\n            "💬 <b>پیام جدید کاربر</b> <code>#{$cid}</code>\\n".\n            "کاربر: <code>".esc_html(self::customer_label($customer))."</code>\\n\\n".\n            esc_html(mb_substr($message,0,1800)).\n            "\\n\\n<code>/support_reply {$cid} متن پاسخ</code>"\n        );\n    }\n\n    public static function telegram_reply_command(string $text,int $telegramUserId): bool {\n        if(!preg_match(\'/^\\/support_reply\\s+(\\d+)\\s+(.+)$/us\',trim($text),$m))return false;\n        $cid=(int)$m[1];\n        try{$message=self::clean_message($m[2]);}\n        catch(Throwable $e){return true;}\n        return self::operator_reply($cid,$message,$telegramUserId,\'telegram\');\n    }\n}\n'

----------------------------------------------------------------------
Ran 208 tests in 0.029s

FAILED (failures=1)
